4:18:40 PM [vite] warning: `esbuild` option was specified by "vite:react-babel" plugin. This option is deprecated, please use `oxc` instead.
4:18:40 PM [vite] warning: `optimizeDeps.esbuildOptions` option was specified by "vite:react-babel" plugin. This option is deprecated, please use `optimizeDeps.rolldownOptions` instead.
Both esbuild and oxc options were set. oxc options will be used and esbuild options will be ignored. The following esbuild options were set: `{ jsx: 'automatic', jsxImportSource: undefined }`

 RUN  v4.1.5 /Users/apple/Documents/Documents/villa-list

 ✓ src/components/Board/Board.test.tsx (11 tests) 88ms
stderr | src/store/AppContext.test.tsx > AppContext Full Stack > covers all major functionality
Import error: SyntaxError: Unexpected token 'i', "invalid" is not valid JSON
    at JSON.parse (<anonymous>)
    at Object.importData (/Users/apple/Documents/Documents/villa-list/src/store/AppContext.tsx:182:25)
    at /Users/apple/Documents/Documents/villa-list/src/store/AppContext.test.tsx:124:41
    at /Users/apple/Documents/Documents/villa-list/node_modules/@testing-library/react/dist/act-compat.js:47:24
    at act (/Users/apple/Documents/Documents/villa-list/node_modules/react/cjs/react.development.js:2512:16)
    at Proxy.<anonymous> (/Users/apple/Documents/Documents/villa-list/node_modules/@testing-library/react/dist/act-compat.js:46:25)
    at /Users/apple/Documents/Documents/villa-list/src/store/AppContext.test.tsx:124:11
    at file:///Users/apple/Documents/Documents/villa-list/node_modules/@vitest/runner/dist/chunk-artifact.js:1903:20

 ✓ src/store/AppContext.test.tsx (4 tests) 116ms
 ✓ src/components/Board/CategoryColumn.test.tsx (9 tests) 209ms
 ✓ src/components/Board/ItemCard.test.tsx (11 tests) 226ms
stderr | src/views/PlansView.test.tsx > PlansView > handles creating a new plan with Enter key
Warning: An update to PlansView inside a test was not wrapped in act(...).

When testing, code that causes React state updates should be wrapped into act(...):

act(() => {
  /* fire events that update state */
});
/* assert on the output */

This ensures that you're testing the behavior the user would see in the browser. Learn more at https://reactjs.org/link/wrap-tests-with-act
    at PlansView (/Users/apple/Documents/Documents/villa-list/src/views/PlansView.tsx:25:76)
    at Router (file:///Users/apple/Documents/Documents/villa-list/node_modules/react-router/dist/development/chunk-EVOBXE3Y.mjs:6737:13)
    at MemoryRouter (file:///Users/apple/Documents/Documents/villa-list/node_modules/react-router/dist/development/chunk-EVOBXE3Y.mjs:6653:3)
Warning: An update to PlansView inside a test was not wrapped in act(...).

When testing, code that causes React state updates should be wrapped into act(...):

act(() => {
  /* fire events that update state */
});
/* assert on the output */

This ensures that you're testing the behavior the user would see in the browser. Learn more at https://reactjs.org/link/wrap-tests-with-act
    at PlansView (/Users/apple/Documents/Documents/villa-list/src/views/PlansView.tsx:25:76)
    at Router (file:///Users/apple/Documents/Documents/villa-list/node_modules/react-router/dist/development/chunk-EVOBXE3Y.mjs:6737:13)
    at MemoryRouter (file:///Users/apple/Documents/Documents/villa-list/node_modules/react-router/dist/development/chunk-EVOBXE3Y.mjs:6653:3)

 ❯ src/views/PlansView.test.tsx (10 tests | 5 failed) 558ms
     ✓ renders plans correctly 92ms
     ✓ shows loader when initialLoading is true 3ms
     × handles plan deletion confirmation 36ms
     ✓ handles creating a new plan 249ms
     ✓ handles creating a new plan with Enter key 51ms
     × cancels creating a new plan 69ms
     ✓ handles selecting a plan 18ms
     × handles renaming a plan 13ms
     × cancels renaming a plan on Escape 18ms
     × saves renamed plan on blur 8ms
 ❯ src/views/SummaryView.test.tsx (2 tests | 1 failed) 409ms
     ✓ renders stats summary correctly 181ms
     × toggles sub-tabs correctly 227ms
 ✓ src/views/DashboardView.test.tsx (8 tests) 663ms
 ✓ src/components/Toolbar/PeopleFilter.test.tsx (4 tests) 46ms
 ✓ src/utils/utils.test.ts (8 tests) 13ms
 ✓ src/components/Navigation/SideNavBar.test.tsx (1 test) 37ms

⎯⎯⎯⎯⎯⎯⎯ Failed Tests 6 ⎯⎯⎯⎯⎯⎯⎯

 FAIL  src/views/PlansView.test.tsx > PlansView > handles plan deletion confirmation
TestingLibraryElementError: Unable to find an element with the text: delete. This could be because the text is broken up by multiple elements. In this case, you can provide a function for your text matcher to make your matcher more flexible.

Ignored nodes: comments, script, style
[36m<div[39m
  [33mclass[39m=[32m"rounded-lg border bg-card text-card-foreground shadow-sm group relative hover:border-primary/50 hover:shadow-md transition-all cursor-pointer overflow-hidden border-border/60"[39m
[36m>[39m
  [36m<div[39m
    [33mclass[39m=[32m"flex flex-col space-y-1.5 p-6 pb-3"[39m
  [36m>[39m
    [36m<div[39m
      [33mclass[39m=[32m"flex justify-between items-start"[39m
    [36m>[39m
      [36m<div[39m
        [33mclass[39m=[32m"flex-1 min-w-0"[39m
      [36m>[39m
        [36m<h3[39m
          [33mclass[39m=[32m"font-semibold tracking-tight text-lg truncate group-hover:text-primary transition-colors"[39m
        [36m>[39m
          [0mWinter Trip[0m
        [36m</h3>[39m
        [36m<p[39m
          [33mclass[39m=[32m"text-muted-foreground font-mono text-[10px] uppercase tracking-wider"[39m
        [36m>[39m
          [0mID: [0m
          [0mp2[0m
        [36m</p>[39m
      [36m</div>[39m
      [36m<div[39m
        [33mclass[39m=[32m"flex gap-1 opacity-0 group-hover:opacity-100 transition-opacity ml-2"[39m
      [36m>[39m
        [36m<button[39m
          [33mclass[39m=[32m"inline-flex items-center justify-center whitespace-nowrap rounded-md text-sm font-medium ring-offset-background transition-colors focus-visible:outline-none focus-visible:ring-2 focus-visible:ring-ring focus-visible:ring-offset-2 disabled:pointer-events-none disabled:opacity-50 hover:bg-accent h-7 w-7 text-muted-foreground hover:text-foreground"[39m
        [36m>[39m
          [36m<svg[39m
            [33mclass[39m=[32m"lucide lucide-pen h-3.5 w-3.5"[39m
            [33mfill[39m=[32m"none"[39m
            [33mheight[39m=[32m"24"[39m
            [33mstroke[39m=[32m"currentColor"[39m
            [33mstroke-linecap[39m=[32m"round"[39m
            [33mstroke-linejoin[39m=[32m"round"[39m
            [33mstroke-width[39m=[32m"2"[39m
            [33mviewBox[39m=[32m"0 0 24 24"[39m
            [33mwidth[39m=[32m"24"[39m
            [33mxmlns[39m=[32m"http://www.w3.org/2000/svg"[39m
          [36m>[39m
            [36m<path[39m
              [33md[39m=[32m"M17 3a2.85 2.83 0 1 1 4 4L7.5 20.5 2 22l1.5-5.5Z"[39m
            [36m/>[39m
          [36m</svg>[39m
        [36m</button>[39m
        [36m<button[39m
          [33mclass[39m=[32m"inline-flex items-center justify-center whitespace-nowrap rounded-md text-sm font-medium ring-offset-background transition-colors focus-visible:outline-none focus-visible:ring-2 focus-visible:ring-ring focus-visible:ring-offset-2 disabled:pointer-events-none disabled:opacity-50 hover:bg-accent h-7 w-7 text-muted-foreground hover:text-destructive"[39m
        [36m>[39m
          [36m<svg[39m
            [33mclass[39m=[32m"lucide lucide-trash2 h-3.5 w-3.5"[39m
            [33mfill[39m=[32m"none"[39m
            [33mheight[39m=[32m"24"[39m
            [33mstroke[39m=[32m"currentColor"[39m
            [33mstroke-linecap[39m=[32m"round"[39m
            [33mstroke-linejoin[39m=[32m"round"[39m
            [33mstroke-width[39m=[32m"2"[39m
            [33mviewBox[39m=[32m"0 0 24 24"[39m
            [33mwidth[39m=[32m"24"[39m
            [33mxmlns[39m=[32m"http://www.w3.org/2000/svg"[39m
          [36m>[39m
            [36m<path[39m
              [33md[39m=[32m"M3 6h18"[39m
            [36m/>[39m
            [36m<path[39m
              [33md[39m=[32m"M19 6v14c0 1-1 2-2 2H7c-1 0-2-1-2-2V6"[39m
            [36m/>[39m
            [36m<path[39m
              [33md[39m=[32m"M8 6V4c0-1 1-2 2-2h4c1 0 2 1 2 2v2"[39m
            [36m/>[39m
            [36m<line[39m
              [33mx1[39m=[32m"10"[39m
              [33mx2[39m=[32m"10"[39m
              [33my1[39m=[32m"11"[39m
              [33my2[39m=[32m"17"[39m
            [36m/>[39m
            [36m<line[39m
              [33mx1[39m=[32m"14"[39m
              [33mx2[39m=[32m"14"[39m
              [33my1[39m=[32m"11"[39m
              [33my2[39m=[32m"17"[39m
            [36m/>[39m
          [36m</svg>[39m
        [36m</button>[39m
      [36m</div>[39m
    [36m</div>[39m
  [36m</div>[39m
  [36m<div[39m
    [33mclass[39m=[32m"p-6 pt-0"[39m
  [36m>[39m
    [36m<div[39m
      [33mclass[39m=[32m"shrink-0 bg-border h-[1px] w-full mb-4 opacity-50"[39m
      [33mdata-orientation[39m=[32m"horizontal"[39m
      [33mrole[39m=[32m"none"[39m
    [36m/>[39m
    [36m<div[39m
      [33mclass[39m=[32m"flex items-center justify-between text-muted-foreground"[39m
    [36m>[39m
      [36m<div[39m
        [33mclass[39m=[32m"flex items-center gap-1.5 text-[10px] font-bold uppercase tracking-widest"[39m
      [36m>[39m
        [36m<svg[39m
          [33mclass[39m=[32m"lucide lucide-calendar h-3 w-3"[39m
          [33mfill[39m=[32m"none"[39m
          [33mheight[39m=[32m"24"[39m
          [33mstroke[39m=[32m"currentColor"[39m
          [33mstroke-linecap[39m=[32m"round"[39m
          [33mstroke-linejoin[39m=[32m"round"[39m
          [33mstroke-width[39m=[32m"2"[39m
          [33mviewBox[39m=[32m"0 0 24 24"[39m
          [33mwidth[39m=[32m"24"[39m
          [33mxmlns[39m=[32m"http://www.w3.org/2000/svg"[39m
        [36m>[39m
          [36m<path[39m
            [33md[39m=[32m"M8 2v4"[39m
          [36m/>[39m
          [36m<path[39m
            [33md[39m=[32m"M16 2v4"[39m
          [36m/>[39m
          [36m<rect[39m
            [33mheight[39m=[32m"18"[39m
            [33mrx[39m=[32m"2"[39m
            [33mwidth[39m=[32m"18"[39m
            [33mx[39m=[32m"3"[39m
            [33my[39m=[32m"4"[39m
          [36m/>[39m
          [36m<path[39m
            [33md[39m=[32m"M3 10h18"[39m
          [36m/>[39m
        [36m</svg>[39m
        [0m4/26/2026[0m
      [36m</div>[39m
      [36m<div[39m
        [33mclass[39m=[32m"inline-flex items-center rounded-full border py-0.5 transition-colors focus:outline-none focus:ring-2 focus:ring-ring focus:ring-offset-2 border-transparent hover:bg-secondary/80 text-[9px] font-bold h-5 px-1.5 bg-primary/5 text-primary border-none"[39m
      [36m>[39m
        [0mACTIVE[0m
      [36m</div>[39m
    [36m</div>[39m
  [36m</div>[39m
  [36m<div[39m
    [33mclass[39m=[32m"absolute bottom-0 left-0 w-full h-[2px] bg-primary scale-x-0 group-hover:scale-x-100 transition-transform origin-left"[39m
  [36m/>[39m
[36m</div>[39m
 ❯ Object.getElementError node_modules/@testing-library/dom/dist/config.js:37:19
 ❯ node_modules/@testing-library/dom/dist/query-helpers.js:76:38
 ❯ node_modules/@testing-library/dom/dist/query-helpers.js:52:17
 ❯ node_modules/@testing-library/dom/dist/query-helpers.js:95:19
 ❯ src/views/PlansView.test.tsx:107:8
    105|     const card = winterTrip.closest("div.group")!;
    106|     const deleteBtn = within(card as HTMLElement)
    107|       .getByText("delete")
       |        ^
    108|       .closest("button")!;
    109|

⎯⎯⎯⎯⎯⎯⎯⎯⎯⎯⎯⎯⎯⎯⎯⎯⎯⎯⎯⎯⎯⎯⎯⎯[1/6]⎯

 FAIL  src/views/PlansView.test.tsx > PlansView > cancels creating a new plan
Error: Unable to fire a "click" event - please provide a DOM element.
 ❯ createEvent node_modules/@testing-library/dom/dist/events.js:27:11
 ❯ Function.createEvent.<computed> [as click] node_modules/@testing-library/dom/dist/events.js:106:38
 ❯ Function.fireEvent.<computed> [as click] node_modules/@testing-library/dom/dist/events.js:110:68
 ❯ Function.fireEvent.<computed> [as click] node_modules/@testing-library/react/dist/fire-event.js:15:52
 ❯ src/views/PlansView.test.tsx:170:15
    168|       .getAllByRole("button")
    169|       .find((b) => b.innerHTML.includes("close"));
    170|     fireEvent.click(closeBtn!);
       |               ^
    171|
    172|     expect(

⎯⎯⎯⎯⎯⎯⎯⎯⎯⎯⎯⎯⎯⎯⎯⎯⎯⎯⎯⎯⎯⎯⎯⎯[2/6]⎯

 FAIL  src/views/PlansView.test.tsx > PlansView > handles renaming a plan
TestingLibraryElementError: Unable to find an element with the title: Rename Plan.

Ignored nodes: comments, script, style
[36m<div[39m
  [33mclass[39m=[32m"rounded-lg border bg-card text-card-foreground shadow-sm group relative hover:border-primary/50 hover:shadow-md transition-all cursor-pointer overflow-hidden border-border/60"[39m
[36m>[39m
  [36m<div[39m
    [33mclass[39m=[32m"flex flex-col space-y-1.5 p-6 pb-3"[39m
  [36m>[39m
    [36m<div[39m
      [33mclass[39m=[32m"flex justify-between items-start"[39m
    [36m>[39m
      [36m<div[39m
        [33mclass[39m=[32m"flex-1 min-w-0"[39m
      [36m>[39m
        [36m<h3[39m
          [33mclass[39m=[32m"font-semibold tracking-tight text-lg truncate group-hover:text-primary transition-colors"[39m
        [36m>[39m
          [0mSummer Trip[0m
        [36m</h3>[39m
        [36m<p[39m
          [33mclass[39m=[32m"text-muted-foreground font-mono text-[10px] uppercase tracking-wider"[39m
        [36m>[39m
          [0mID: [0m
          [0mp1[0m
        [36m</p>[39m
      [36m</div>[39m
      [36m<div[39m
        [33mclass[39m=[32m"flex gap-1 opacity-0 group-hover:opacity-100 transition-opacity ml-2"[39m
      [36m>[39m
        [36m<button[39m
          [33mclass[39m=[32m"inline-flex items-center justify-center whitespace-nowrap rounded-md text-sm font-medium ring-offset-background transition-colors focus-visible:outline-none focus-visible:ring-2 focus-visible:ring-ring focus-visible:ring-offset-2 disabled:pointer-events-none disabled:opacity-50 hover:bg-accent h-7 w-7 text-muted-foreground hover:text-foreground"[39m
        [36m>[39m
          [36m<svg[39m
            [33mclass[39m=[32m"lucide lucide-pen h-3.5 w-3.5"[39m
            [33mfill[39m=[32m"none"[39m
            [33mheight[39m=[32m"24"[39m
            [33mstroke[39m=[32m"currentColor"[39m
            [33mstroke-linecap[39m=[32m"round"[39m
            [33mstroke-linejoin[39m=[32m"round"[39m
            [33mstroke-width[39m=[32m"2"[39m
            [33mviewBox[39m=[32m"0 0 24 24"[39m
            [33mwidth[39m=[32m"24"[39m
            [33mxmlns[39m=[32m"http://www.w3.org/2000/svg"[39m
          [36m>[39m
            [36m<path[39m
              [33md[39m=[32m"M17 3a2.85 2.83 0 1 1 4 4L7.5 20.5 2 22l1.5-5.5Z"[39m
            [36m/>[39m
          [36m</svg>[39m
        [36m</button>[39m
        [36m<button[39m
          [33mclass[39m=[32m"inline-flex items-center justify-center whitespace-nowrap rounded-md text-sm font-medium ring-offset-background transition-colors focus-visible:outline-none focus-visible:ring-2 focus-visible:ring-ring focus-visible:ring-offset-2 disabled:pointer-events-none disabled:opacity-50 hover:bg-accent h-7 w-7 text-muted-foreground hover:text-destructive"[39m
        [36m>[39m
          [36m<svg[39m
            [33mclass[39m=[32m"lucide lucide-trash2 h-3.5 w-3.5"[39m
            [33mfill[39m=[32m"none"[39m
            [33mheight[39m=[32m"24"[39m
            [33mstroke[39m=[32m"currentColor"[39m
            [33mstroke-linecap[39m=[32m"round"[39m
            [33mstroke-linejoin[39m=[32m"round"[39m
            [33mstroke-width[39m=[32m"2"[39m
            [33mviewBox[39m=[32m"0 0 24 24"[39m
            [33mwidth[39m=[32m"24"[39m
            [33mxmlns[39m=[32m"http://www.w3.org/2000/svg"[39m
          [36m>[39m
            [36m<path[39m
              [33md[39m=[32m"M3 6h18"[39m
            [36m/>[39m
            [36m<path[39m
              [33md[39m=[32m"M19 6v14c0 1-1 2-2 2H7c-1 0-2-1-2-2V6"[39m
            [36m/>[39m
            [36m<path[39m
              [33md[39m=[32m"M8 6V4c0-1 1-2 2-2h4c1 0 2 1 2 2v2"[39m
            [36m/>[39m
            [36m<line[39m
              [33mx1[39m=[32m"10"[39m
              [33mx2[39m=[32m"10"[39m
              [33my1[39m=[32m"11"[39m
              [33my2[39m=[32m"17"[39m
            [36m/>[39m
            [36m<line[39m
              [33mx1[39m=[32m"14"[39m
              [33mx2[39m=[32m"14"[39m
              [33my1[39m=[32m"11"[39m
              [33my2[39m=[32m"17"[39m
            [36m/>[39m
          [36m</svg>[39m
        [36m</button>[39m
      [36m</div>[39m
    [36m</div>[39m
  [36m</div>[39m
  [36m<div[39m
    [33mclass[39m=[32m"p-6 pt-0"[39m
  [36m>[39m
    [36m<div[39m
      [33mclass[39m=[32m"shrink-0 bg-border h-[1px] w-full mb-4 opacity-50"[39m
      [33mdata-orientation[39m=[32m"horizontal"[39m
      [33mrole[39m=[32m"none"[39m
    [36m/>[39m
    [36m<div[39m
      [33mclass[39m=[32m"flex items-center justify-between text-muted-foreground"[39m
    [36m>[39m
      [36m<div[39m
        [33mclass[39m=[32m"flex items-center gap-1.5 text-[10px] font-bold uppercase tracking-widest"[39m
      [36m>[39m
        [36m<svg[39m
          [33mclass[39m=[32m"lucide lucide-calendar h-3 w-3"[39m
          [33mfill[39m=[32m"none"[39m
          [33mheight[39m=[32m"24"[39m
          [33mstroke[39m=[32m"currentColor"[39m
          [33mstroke-linecap[39m=[32m"round"[39m
          [33mstroke-linejoin[39m=[32m"round"[39m
          [33mstroke-width[39m=[32m"2"[39m
          [33mviewBox[39m=[32m"0 0 24 24"[39m
          [33mwidth[39m=[32m"24"[39m
          [33mxmlns[39m=[32m"http://www.w3.org/2000/svg"[39m
        [36m>[39m
          [36m<path[39m
            [33md[39m=[32m"M8 2v4"[39m
          [36m/>[39m
          [36m<path[39m
            [33md[39m=[32m"M16 2v4"[39m
          [36m/>[39m
          [36m<rect[39m
            [33mheight[39m=[32m"18"[39m
            [33mrx[39m=[32m"2"[39m
            [33mwidth[39m=[32m"18"[39m
            [33mx[39m=[32m"3"[39m
            [33my[39m=[32m"4"[39m
          [36m/>[39m
          [36m<path[39m
            [33md[39m=[32m"M3 10h18"[39m
          [36m/>[39m
        [36m</svg>[39m
        [0m4/26/2026[0m
      [36m</div>[39m
      [36m<div[39m
        [33mclass[39m=[32m"inline-flex items-center rounded-full border py-0.5 transition-colors focus:outline-none focus:ring-2 focus:ring-ring focus:ring-offset-2 border-transparent hover:bg-secondary/80 text-[9px] font-bold h-5 px-1.5 bg-primary/5 text-primary border-none"[39m
      [36m>[39m
        [0mACTIVE[0m
      [36m</div>[39m
    [36m</div>[39m
  [36m</div>[39m
  [36m<div[39m
    [33mclass[39m=[32m"absolute bottom-0 left-0 w-full h-[2px] bg-primary scale-x-0 group-hover:scale-x-100 transition-transform origin-left"[39m
  [36m/>[39m
[36m</div>[39m
 ❯ Object.getElementError node_modules/@testing-library/dom/dist/config.js:37:19
 ❯ node_modules/@testing-library/dom/dist/query-helpers.js:76:38
 ❯ node_modules/@testing-library/dom/dist/query-helpers.js:52:17
 ❯ node_modules/@testing-library/dom/dist/query-helpers.js:95:19
 ❯ src/views/PlansView.test.tsx:201:49
    199|     const summerTrip = await screen.findByText("Summer Trip");
    200|     const card = summerTrip.closest("div.group")!;
    201|     const editBtn = within(card as HTMLElement).getByTitle("Rename Pla…
       |                                                 ^
    202|
    203|     fireEvent.click(editBtn);

⎯⎯⎯⎯⎯⎯⎯⎯⎯⎯⎯⎯⎯⎯⎯⎯⎯⎯⎯⎯⎯⎯⎯⎯[3/6]⎯

 FAIL  src/views/PlansView.test.tsx > PlansView > cancels renaming a plan on Escape
TestingLibraryElementError: Unable to find an element with the title: Rename Plan.

Ignored nodes: comments, script, style
[36m<div[39m
  [33mclass[39m=[32m"rounded-lg border bg-card text-card-foreground shadow-sm group relative hover:border-primary/50 hover:shadow-md transition-all cursor-pointer overflow-hidden border-border/60"[39m
[36m>[39m
  [36m<div[39m
    [33mclass[39m=[32m"flex flex-col space-y-1.5 p-6 pb-3"[39m
  [36m>[39m
    [36m<div[39m
      [33mclass[39m=[32m"flex justify-between items-start"[39m
    [36m>[39m
      [36m<div[39m
        [33mclass[39m=[32m"flex-1 min-w-0"[39m
      [36m>[39m
        [36m<h3[39m
          [33mclass[39m=[32m"font-semibold tracking-tight text-lg truncate group-hover:text-primary transition-colors"[39m
        [36m>[39m
          [0mSummer Trip[0m
        [36m</h3>[39m
        [36m<p[39m
          [33mclass[39m=[32m"text-muted-foreground font-mono text-[10px] uppercase tracking-wider"[39m
        [36m>[39m
          [0mID: [0m
          [0mp1[0m
        [36m</p>[39m
      [36m</div>[39m
      [36m<div[39m
        [33mclass[39m=[32m"flex gap-1 opacity-0 group-hover:opacity-100 transition-opacity ml-2"[39m
      [36m>[39m
        [36m<button[39m
          [33mclass[39m=[32m"inline-flex items-center justify-center whitespace-nowrap rounded-md text-sm font-medium ring-offset-background transition-colors focus-visible:outline-none focus-visible:ring-2 focus-visible:ring-ring focus-visible:ring-offset-2 disabled:pointer-events-none disabled:opacity-50 hover:bg-accent h-7 w-7 text-muted-foreground hover:text-foreground"[39m
        [36m>[39m
          [36m<svg[39m
            [33mclass[39m=[32m"lucide lucide-pen h-3.5 w-3.5"[39m
            [33mfill[39m=[32m"none"[39m
            [33mheight[39m=[32m"24"[39m
            [33mstroke[39m=[32m"currentColor"[39m
            [33mstroke-linecap[39m=[32m"round"[39m
            [33mstroke-linejoin[39m=[32m"round"[39m
            [33mstroke-width[39m=[32m"2"[39m
            [33mviewBox[39m=[32m"0 0 24 24"[39m
            [33mwidth[39m=[32m"24"[39m
            [33mxmlns[39m=[32m"http://www.w3.org/2000/svg"[39m
          [36m>[39m
            [36m<path[39m
              [33md[39m=[32m"M17 3a2.85 2.83 0 1 1 4 4L7.5 20.5 2 22l1.5-5.5Z"[39m
            [36m/>[39m
          [36m</svg>[39m
        [36m</button>[39m
        [36m<button[39m
          [33mclass[39m=[32m"inline-flex items-center justify-center whitespace-nowrap rounded-md text-sm font-medium ring-offset-background transition-colors focus-visible:outline-none focus-visible:ring-2 focus-visible:ring-ring focus-visible:ring-offset-2 disabled:pointer-events-none disabled:opacity-50 hover:bg-accent h-7 w-7 text-muted-foreground hover:text-destructive"[39m
        [36m>[39m
          [36m<svg[39m
            [33mclass[39m=[32m"lucide lucide-trash2 h-3.5 w-3.5"[39m
            [33mfill[39m=[32m"none"[39m
            [33mheight[39m=[32m"24"[39m
            [33mstroke[39m=[32m"currentColor"[39m
            [33mstroke-linecap[39m=[32m"round"[39m
            [33mstroke-linejoin[39m=[32m"round"[39m
            [33mstroke-width[39m=[32m"2"[39m
            [33mviewBox[39m=[32m"0 0 24 24"[39m
            [33mwidth[39m=[32m"24"[39m
            [33mxmlns[39m=[32m"http://www.w3.org/2000/svg"[39m
          [36m>[39m
            [36m<path[39m
              [33md[39m=[32m"M3 6h18"[39m
            [36m/>[39m
            [36m<path[39m
              [33md[39m=[32m"M19 6v14c0 1-1 2-2 2H7c-1 0-2-1-2-2V6"[39m
            [36m/>[39m
            [36m<path[39m
              [33md[39m=[32m"M8 6V4c0-1 1-2 2-2h4c1 0 2 1 2 2v2"[39m
            [36m/>[39m
            [36m<line[39m
              [33mx1[39m=[32m"10"[39m
              [33mx2[39m=[32m"10"[39m
              [33my1[39m=[32m"11"[39m
              [33my2[39m=[32m"17"[39m
            [36m/>[39m
            [36m<line[39m
              [33mx1[39m=[32m"14"[39m
              [33mx2[39m=[32m"14"[39m
              [33my1[39m=[32m"11"[39m
              [33my2[39m=[32m"17"[39m
            [36m/>[39m
          [36m</svg>[39m
        [36m</button>[39m
      [36m</div>[39m
    [36m</div>[39m
  [36m</div>[39m
  [36m<div[39m
    [33mclass[39m=[32m"p-6 pt-0"[39m
  [36m>[39m
    [36m<div[39m
      [33mclass[39m=[32m"shrink-0 bg-border h-[1px] w-full mb-4 opacity-50"[39m
      [33mdata-orientation[39m=[32m"horizontal"[39m
      [33mrole[39m=[32m"none"[39m
    [36m/>[39m
    [36m<div[39m
      [33mclass[39m=[32m"flex items-center justify-between text-muted-foreground"[39m
    [36m>[39m
      [36m<div[39m
        [33mclass[39m=[32m"flex items-center gap-1.5 text-[10px] font-bold uppercase tracking-widest"[39m
      [36m>[39m
        [36m<svg[39m
          [33mclass[39m=[32m"lucide lucide-calendar h-3 w-3"[39m
          [33mfill[39m=[32m"none"[39m
          [33mheight[39m=[32m"24"[39m
          [33mstroke[39m=[32m"currentColor"[39m
          [33mstroke-linecap[39m=[32m"round"[39m
          [33mstroke-linejoin[39m=[32m"round"[39m
          [33mstroke-width[39m=[32m"2"[39m
          [33mviewBox[39m=[32m"0 0 24 24"[39m
          [33mwidth[39m=[32m"24"[39m
          [33mxmlns[39m=[32m"http://www.w3.org/2000/svg"[39m
        [36m>[39m
          [36m<path[39m
            [33md[39m=[32m"M8 2v4"[39m
          [36m/>[39m
          [36m<path[39m
            [33md[39m=[32m"M16 2v4"[39m
          [36m/>[39m
          [36m<rect[39m
            [33mheight[39m=[32m"18"[39m
            [33mrx[39m=[32m"2"[39m
            [33mwidth[39m=[32m"18"[39m
            [33mx[39m=[32m"3"[39m
            [33my[39m=[32m"4"[39m
          [36m/>[39m
          [36m<path[39m
            [33md[39m=[32m"M3 10h18"[39m
          [36m/>[39m
        [36m</svg>[39m
        [0m4/26/2026[0m
      [36m</div>[39m
      [36m<div[39m
        [33mclass[39m=[32m"inline-flex items-center rounded-full border py-0.5 transition-colors focus:outline-none focus:ring-2 focus:ring-ring focus:ring-offset-2 border-transparent hover:bg-secondary/80 text-[9px] font-bold h-5 px-1.5 bg-primary/5 text-primary border-none"[39m
      [36m>[39m
        [0mACTIVE[0m
      [36m</div>[39m
    [36m</div>[39m
  [36m</div>[39m
  [36m<div[39m
    [33mclass[39m=[32m"absolute bottom-0 left-0 w-full h-[2px] bg-primary scale-x-0 group-hover:scale-x-100 transition-transform origin-left"[39m
  [36m/>[39m
[36m</div>[39m
 ❯ Object.getElementError node_modules/@testing-library/dom/dist/config.js:37:19
 ❯ node_modules/@testing-library/dom/dist/query-helpers.js:76:38
 ❯ node_modules/@testing-library/dom/dist/query-helpers.js:52:17
 ❯ node_modules/@testing-library/dom/dist/query-helpers.js:95:19
 ❯ src/views/PlansView.test.tsx:222:49
    220|     const summerTrip = await screen.findByText("Summer Trip");
    221|     const card = summerTrip.closest("div.group")!;
    222|     const editBtn = within(card as HTMLElement).getByTitle("Rename Pla…
       |                                                 ^
    223|
    224|     fireEvent.click(editBtn);

⎯⎯⎯⎯⎯⎯⎯⎯⎯⎯⎯⎯⎯⎯⎯⎯⎯⎯⎯⎯⎯⎯⎯⎯[4/6]⎯

 FAIL  src/views/PlansView.test.tsx > PlansView > saves renamed plan on blur
TestingLibraryElementError: Unable to find an element with the title: Rename Plan.

Ignored nodes: comments, script, style
[36m<div[39m
  [33mclass[39m=[32m"rounded-lg border bg-card text-card-foreground shadow-sm group relative hover:border-primary/50 hover:shadow-md transition-all cursor-pointer overflow-hidden border-border/60"[39m
[36m>[39m
  [36m<div[39m
    [33mclass[39m=[32m"flex flex-col space-y-1.5 p-6 pb-3"[39m
  [36m>[39m
    [36m<div[39m
      [33mclass[39m=[32m"flex justify-between items-start"[39m
    [36m>[39m
      [36m<div[39m
        [33mclass[39m=[32m"flex-1 min-w-0"[39m
      [36m>[39m
        [36m<h3[39m
          [33mclass[39m=[32m"font-semibold tracking-tight text-lg truncate group-hover:text-primary transition-colors"[39m
        [36m>[39m
          [0mSummer Trip[0m
        [36m</h3>[39m
        [36m<p[39m
          [33mclass[39m=[32m"text-muted-foreground font-mono text-[10px] uppercase tracking-wider"[39m
        [36m>[39m
          [0mID: [0m
          [0mp1[0m
        [36m</p>[39m
      [36m</div>[39m
      [36m<div[39m
        [33mclass[39m=[32m"flex gap-1 opacity-0 group-hover:opacity-100 transition-opacity ml-2"[39m
      [36m>[39m
        [36m<button[39m
          [33mclass[39m=[32m"inline-flex items-center justify-center whitespace-nowrap rounded-md text-sm font-medium ring-offset-background transition-colors focus-visible:outline-none focus-visible:ring-2 focus-visible:ring-ring focus-visible:ring-offset-2 disabled:pointer-events-none disabled:opacity-50 hover:bg-accent h-7 w-7 text-muted-foreground hover:text-foreground"[39m
        [36m>[39m
          [36m<svg[39m
            [33mclass[39m=[32m"lucide lucide-pen h-3.5 w-3.5"[39m
            [33mfill[39m=[32m"none"[39m
            [33mheight[39m=[32m"24"[39m
            [33mstroke[39m=[32m"currentColor"[39m
            [33mstroke-linecap[39m=[32m"round"[39m
            [33mstroke-linejoin[39m=[32m"round"[39m
            [33mstroke-width[39m=[32m"2"[39m
            [33mviewBox[39m=[32m"0 0 24 24"[39m
            [33mwidth[39m=[32m"24"[39m
            [33mxmlns[39m=[32m"http://www.w3.org/2000/svg"[39m
          [36m>[39m
            [36m<path[39m
              [33md[39m=[32m"M17 3a2.85 2.83 0 1 1 4 4L7.5 20.5 2 22l1.5-5.5Z"[39m
            [36m/>[39m
          [36m</svg>[39m
        [36m</button>[39m
        [36m<button[39m
          [33mclass[39m=[32m"inline-flex items-center justify-center whitespace-nowrap rounded-md text-sm font-medium ring-offset-background transition-colors focus-visible:outline-none focus-visible:ring-2 focus-visible:ring-ring focus-visible:ring-offset-2 disabled:pointer-events-none disabled:opacity-50 hover:bg-accent h-7 w-7 text-muted-foreground hover:text-destructive"[39m
        [36m>[39m
          [36m<svg[39m
            [33mclass[39m=[32m"lucide lucide-trash2 h-3.5 w-3.5"[39m
            [33mfill[39m=[32m"none"[39m
            [33mheight[39m=[32m"24"[39m
            [33mstroke[39m=[32m"currentColor"[39m
            [33mstroke-linecap[39m=[32m"round"[39m
            [33mstroke-linejoin[39m=[32m"round"[39m
            [33mstroke-width[39m=[32m"2"[39m
            [33mviewBox[39m=[32m"0 0 24 24"[39m
            [33mwidth[39m=[32m"24"[39m
            [33mxmlns[39m=[32m"http://www.w3.org/2000/svg"[39m
          [36m>[39m
            [36m<path[39m
              [33md[39m=[32m"M3 6h18"[39m
            [36m/>[39m
            [36m<path[39m
              [33md[39m=[32m"M19 6v14c0 1-1 2-2 2H7c-1 0-2-1-2-2V6"[39m
            [36m/>[39m
            [36m<path[39m
              [33md[39m=[32m"M8 6V4c0-1 1-2 2-2h4c1 0 2 1 2 2v2"[39m
            [36m/>[39m
            [36m<line[39m
              [33mx1[39m=[32m"10"[39m
              [33mx2[39m=[32m"10"[39m
              [33my1[39m=[32m"11"[39m
              [33my2[39m=[32m"17"[39m
            [36m/>[39m
            [36m<line[39m
              [33mx1[39m=[32m"14"[39m
              [33mx2[39m=[32m"14"[39m
              [33my1[39m=[32m"11"[39m
              [33my2[39m=[32m"17"[39m
            [36m/>[39m
          [36m</svg>[39m
        [36m</button>[39m
      [36m</div>[39m
    [36m</div>[39m
  [36m</div>[39m
  [36m<div[39m
    [33mclass[39m=[32m"p-6 pt-0"[39m
  [36m>[39m
    [36m<div[39m
      [33mclass[39m=[32m"shrink-0 bg-border h-[1px] w-full mb-4 opacity-50"[39m
      [33mdata-orientation[39m=[32m"horizontal"[39m
      [33mrole[39m=[32m"none"[39m
    [36m/>[39m
    [36m<div[39m
      [33mclass[39m=[32m"flex items-center justify-between text-muted-foreground"[39m
    [36m>[39m
      [36m<div[39m
        [33mclass[39m=[32m"flex items-center gap-1.5 text-[10px] font-bold uppercase tracking-widest"[39m
      [36m>[39m
        [36m<svg[39m
          [33mclass[39m=[32m"lucide lucide-calendar h-3 w-3"[39m
          [33mfill[39m=[32m"none"[39m
          [33mheight[39m=[32m"24"[39m
          [33mstroke[39m=[32m"currentColor"[39m
          [33mstroke-linecap[39m=[32m"round"[39m
          [33mstroke-linejoin[39m=[32m"round"[39m
          [33mstroke-width[39m=[32m"2"[39m
          [33mviewBox[39m=[32m"0 0 24 24"[39m
          [33mwidth[39m=[32m"24"[39m
          [33mxmlns[39m=[32m"http://www.w3.org/2000/svg"[39m
        [36m>[39m
          [36m<path[39m
            [33md[39m=[32m"M8 2v4"[39m
          [36m/>[39m
          [36m<path[39m
            [33md[39m=[32m"M16 2v4"[39m
          [36m/>[39m
          [36m<rect[39m
            [33mheight[39m=[32m"18"[39m
            [33mrx[39m=[32m"2"[39m
            [33mwidth[39m=[32m"18"[39m
            [33mx[39m=[32m"3"[39m
            [33my[39m=[32m"4"[39m
          [36m/>[39m
          [36m<path[39m
            [33md[39m=[32m"M3 10h18"[39m
          [36m/>[39m
        [36m</svg>[39m
        [0m4/26/2026[0m
      [36m</div>[39m
      [36m<div[39m
        [33mclass[39m=[32m"inline-flex items-center rounded-full border py-0.5 transition-colors focus:outline-none focus:ring-2 focus:ring-ring focus:ring-offset-2 border-transparent hover:bg-secondary/80 text-[9px] font-bold h-5 px-1.5 bg-primary/5 text-primary border-none"[39m
      [36m>[39m
        [0mACTIVE[0m
      [36m</div>[39m
    [36m</div>[39m
  [36m</div>[39m
  [36m<div[39m
    [33mclass[39m=[32m"absolute bottom-0 left-0 w-full h-[2px] bg-primary scale-x-0 group-hover:scale-x-100 transition-transform origin-left"[39m
  [36m/>[39m
[36m</div>[39m
 ❯ Object.getElementError node_modules/@testing-library/dom/dist/config.js:37:19
 ❯ node_modules/@testing-library/dom/dist/query-helpers.js:76:38
 ❯ node_modules/@testing-library/dom/dist/query-helpers.js:52:17
 ❯ node_modules/@testing-library/dom/dist/query-helpers.js:95:19
 ❯ src/views/PlansView.test.tsx:242:49
    240|     const summerTrip = await screen.findByText("Summer Trip");
    241|     const card = summerTrip.closest("div.group")!;
    242|     const editBtn = within(card as HTMLElement).getByTitle("Rename Pla…
       |                                                 ^
    243|
    244|     fireEvent.click(editBtn);

⎯⎯⎯⎯⎯⎯⎯⎯⎯⎯⎯⎯⎯⎯⎯⎯⎯⎯⎯⎯⎯⎯⎯⎯[5/6]⎯

 FAIL  src/views/SummaryView.test.tsx > SummaryView > toggles sub-tabs correctly
TestingLibraryElementError: Unable to find an accessible element with the role "button" and name `/Product Details/i`

Here are the accessible roles:

  heading:

  Name "Expense Analytics":
  [36m<h1[39m
    [33mclass[39m=[32m"text-2xl font-bold tracking-tight"[39m
  [36m/>[39m

  Name "Expense Overview":
  [36m<h2[39m
    [33mclass[39m=[32m"text-xl font-bold tracking-tight"[39m
  [36m/>[39m

  Name "Itemized Expenses":
  [36m<h3[39m
    [33mclass[39m=[32m"font-semibold tracking-tight text-base flex items-center gap-2"[39m
  [36m/>[39m

  --------------------------------------------------
  paragraph:

  Name "":
  [36m<p[39m
    [33mclass[39m=[32m"text-sm text-muted-foreground mt-1"[39m
  [36m/>[39m

  Name "":
  [36m<p[39m
    [33mclass[39m=[32m"text-sm text-muted-foreground"[39m
  [36m/>[39m

  Name "":
  [36m<p[39m
    [33mclass[39m=[32m"font-medium"[39m
  [36m/>[39m

  Name "":
  [36m<p[39m
    [33mclass[39m=[32m"text-[10px] text-muted-foreground uppercase font-bold tracking-wider"[39m
  [36m/>[39m

  --------------------------------------------------
  tablist:

  Name "":
  [36m<div[39m
    [33maria-orientation[39m=[32m"horizontal"[39m
    [33mclass[39m=[32m"h-10 items-center justify-center rounded-md bg-muted p-1 text-muted-foreground grid w-full max-w-[400px] grid-cols-2 mb-6"[39m
    [33mdata-orientation[39m=[32m"horizontal"[39m
    [33mrole[39m=[32m"tablist"[39m
    [33mstyle[39m=[32m"outline: none;"[39m
    [33mtabindex[39m=[32m"0"[39m
  [36m/>[39m

  --------------------------------------------------
  tab:

  Name "Products":
  [36m<button[39m
    [33maria-controls[39m=[32m"radix-:r3:-content-products"[39m
    [33maria-selected[39m=[32m"true"[39m
    [33mclass[39m=[32m"justify-center whitespace-nowrap rounded-sm px-3 py-1.5 text-sm font-medium ring-offset-background transition-all focus-visible:outline-none focus-visible:ring-2 focus-visible:ring-ring focus-visible:ring-offset-2 disabled:pointer-events-none disabled:opacity-50 data-[state=active]:bg-background data-[state=active]:text-foreground data-[state=active]:shadow-sm flex items-center gap-2"[39m
    [33mdata-orientation[39m=[32m"horizontal"[39m
    [33mdata-radix-collection-item[39m=[32m""[39m
    [33mdata-state[39m=[32m"active"[39m
    [33mid[39m=[32m"radix-:r3:-trigger-products"[39m
    [33mrole[39m=[32m"tab"[39m
    [33mtabindex[39m=[32m"-1"[39m
    [33mtype[39m=[32m"button"[39m
  [36m/>[39m

  Name "People":
  [36m<button[39m
    [33maria-controls[39m=[32m"radix-:r3:-content-people"[39m
    [33maria-selected[39m=[32m"false"[39m
    [33mclass[39m=[32m"justify-center whitespace-nowrap rounded-sm px-3 py-1.5 text-sm font-medium ring-offset-background transition-all focus-visible:outline-none focus-visible:ring-2 focus-visible:ring-ring focus-visible:ring-offset-2 disabled:pointer-events-none disabled:opacity-50 data-[state=active]:bg-background data-[state=active]:text-foreground data-[state=active]:shadow-sm flex items-center gap-2"[39m
    [33mdata-orientation[39m=[32m"horizontal"[39m
    [33mdata-radix-collection-item[39m=[32m""[39m
    [33mdata-state[39m=[32m"inactive"[39m
    [33mid[39m=[32m"radix-:r3:-trigger-people"[39m
    [33mrole[39m=[32m"tab"[39m
    [33mtabindex[39m=[32m"-1"[39m
    [33mtype[39m=[32m"button"[39m
  [36m/>[39m

  --------------------------------------------------
  tabpanel:

  Name "Products":
  [36m<div[39m
    [33maria-labelledby[39m=[32m"radix-:r3:-trigger-products"[39m
    [33mclass[39m=[32m"ring-offset-background focus-visible:outline-none focus-visible:ring-2 focus-visible:ring-ring focus-visible:ring-offset-2 mt-0"[39m
    [33mdata-orientation[39m=[32m"horizontal"[39m
    [33mdata-state[39m=[32m"active"[39m
    [33mid[39m=[32m"radix-:r3:-content-products"[39m
    [33mrole[39m=[32m"tabpanel"[39m
    [33mstyle[39m=[32m"animation-duration: 0s;"[39m
    [33mtabindex[39m=[32m"0"[39m
  [36m/>[39m

  --------------------------------------------------
  button:

  Name "Copy WhatsApp Summary":
  [36m<button[39m
    [33mclass[39m=[32m"inline-flex items-center justify-center whitespace-nowrap rounded-md text-sm font-medium ring-offset-background transition-colors focus-visible:outline-none focus-visible:ring-2 focus-visible:ring-ring focus-visible:ring-offset-2 disabled:pointer-events-none disabled:opacity-50 px-4 py-2 bg-emerald-600 hover:bg-emerald-700 text-white border-none h-9"[39m
  [36m/>[39m

  --------------------------------------------------
  table:

  Name "":
  [36m<table[39m
    [33mclass[39m=[32m"w-full caption-bottom text-sm"[39m
  [36m/>[39m

  --------------------------------------------------
  rowgroup:

  Name "":
  [36m<thead[39m
    [33mclass[39m=[32m"[&_tr]:border-b"[39m
  [36m/>[39m

  Name "":
  [36m<tbody[39m
    [33mclass[39m=[32m"[&_tr:last-child]:border-0"[39m
  [36m/>[39m

  --------------------------------------------------
  row:

  Name "Product Price Qty Assigned To Total":
  [36m<tr[39m
    [33mclass[39m=[32m"border-b transition-colors hover:bg-muted/50 data-[state=selected]:bg-muted"[39m
  [36m/>[39m

  Name "Milk Food ₹10 2 pcs Alice ₹20":
  [36m<tr[39m
    [33mclass[39m=[32m"border-b transition-colors hover:bg-muted/50 data-[state=selected]:bg-muted"[39m
  [36m/>[39m

  --------------------------------------------------
  columnheader:

  Name "Product":
  [36m<th[39m
    [33mclass[39m=[32m"h-12 px-4 text-left align-middle font-medium text-muted-foreground [&:has([role=checkbox])]:pr-0"[39m
  [36m/>[39m

  Name "Price":
  [36m<th[39m
    [33mclass[39m=[32m"h-12 px-4 align-middle font-medium text-muted-foreground [&:has([role=checkbox])]:pr-0 text-right"[39m
  [36m/>[39m

  Name "Qty":
  [36m<th[39m
    [33mclass[39m=[32m"h-12 px-4 align-middle font-medium text-muted-foreground [&:has([role=checkbox])]:pr-0 text-center"[39m
  [36m/>[39m

  Name "Assigned To":
  [36m<th[39m
    [33mclass[39m=[32m"h-12 px-4 text-left align-middle font-medium text-muted-foreground [&:has([role=checkbox])]:pr-0"[39m
  [36m/>[39m

  Name "Total":
  [36m<th[39m
    [33mclass[39m=[32m"h-12 px-4 align-middle font-medium text-muted-foreground [&:has([role=checkbox])]:pr-0 text-right"[39m
  [36m/>[39m

  --------------------------------------------------
  cell:

  Name "Milk Food":
  [36m<td[39m
    [33mclass[39m=[32m"p-4 align-middle [&:has([role=checkbox])]:pr-0"[39m
  [36m/>[39m

  Name "₹10":
  [36m<td[39m
    [33mclass[39m=[32m"p-4 align-middle [&:has([role=checkbox])]:pr-0 text-right font-mono text-sm"[39m
  [36m/>[39m

  Name "2 pcs":
  [36m<td[39m
    [33mclass[39m=[32m"p-4 align-middle [&:has([role=checkbox])]:pr-0 text-center font-bold text-sm"[39m
  [36m/>[39m

  Name "Alice":
  [36m<td[39m
    [33mclass[39m=[32m"p-4 align-middle [&:has([role=checkbox])]:pr-0"[39m
  [36m/>[39m

  Name "₹20":
  [36m<td[39m
    [33mclass[39m=[32m"p-4 align-middle [&:has([role=checkbox])]:pr-0 text-right font-bold text-sm"[39m
  [36m/>[39m

  --------------------------------------------------

Ignored nodes: comments, script, style
[36m<body>[39m
  [36m<div>[39m
    [36m<div[39m
      [33mclass[39m=[32m"space-y-6 animate-in fade-in duration-500"[39m
    [36m>[39m
      [36m<div>[39m
        [36m<h1[39m
          [33mclass[39m=[32m"text-2xl font-bold tracking-tight"[39m
        [36m>[39m
          [0mExpense Analytics[0m
        [36m</h1>[39m
        [36m<p[39m
          [33mclass[39m=[32m"text-sm text-muted-foreground mt-1"[39m
        [36m>[39m
          [0mTrack spending metrics and group settlements.[0m
        [36m</p>[39m
      [36m</div>[39m
      [36m<div[39m
        [33mclass[39m=[32m"w-full"[39m
        [33mdata-orientation[39m=[32m"horizontal"[39m
        [33mdir[39m=[32m"ltr"[39m
      [36m>[39m
        [36m<div[39m
          [33maria-orientation[39m=[32m"horizontal"[39m
          [33mclass[39m=[32m"h-10 items-center justify-center rounded-md bg-muted p-1 text-muted-foreground grid w-full max-w-[400px] grid-cols-2 mb-6"[39m
          [33mdata-orientation[39m=[32m"horizontal"[39m
          [33mrole[39m=[32m"tablist"[39m
          [33mstyle[39m=[32m"outline: none;"[39m
          [33mtabindex[39m=[32m"0"[39m
        [36m>[39m
          [36m<button[39m
            [33maria-controls[39m=[32m"radix-:r3:-content-products"[39m
            [33maria-selected[39m=[32m"true"[39m
            [33mclass[39m=[32m"justify-center whitespace-nowrap rounded-sm px-3 py-1.5 text-sm font-medium ring-offset-background transition-all focus-visible:outline-none focus-visible:ring-2 focus-visible:ring-ring focus-visible:ring-offset-2 disabled:pointer-events-none disabled:opacity-50 data-[state=active]:bg-background data-[state=active]:text-foreground data-[state=active]:shadow-sm flex items-center gap-2"[39m
            [33mdata-orientation[39m=[32m"horizontal"[39m
            [33mdata-radix-collection-item[39m=[32m""[39m
            [33mdata-state[39m=[32m"active"[39m
            [33mid[39m=[32m"radix-:r3:-trigger-products"[39m
            [33mrole[39m=[32m"tab"[39m
            [33mtabindex[39m=[32m"-1"[39m
            [33mtype[39m=[32m"button"[39m
          [36m>[39m
            [36m<svg[39m
              [33mclass[39m=[32m"lucide lucide-list h-4 w-4"[39m
              [33mfill[39m=[32m"none"[39m
              [33mheight[39m=[32m"24"[39m
              [33mstroke[39m=[32m"currentColor"[39m
              [33mstroke-linecap[39m=[32m"round"[39m
              [33mstroke-linejoin[39m=[32m"round"[39m
              [33mstroke-width[39m=[32m"2"[39m
              [33mviewBox[39m=[32m"0 0 24 24"[39m
              [33mwidth[39m=[32m"24"[39m
              [33mxmlns[39m=[32m"http://www.w3.org/2000/svg"[39m
            [36m>[39m
              [36m<line[39m
                [33mx1[39m=[32m"8"[39m
                [33mx2[39m=[32m"21"[39m
                [33my1[39m=[32m"6"[39m
                [33my2[39m=[32m"6"[39m
              [36m/>[39m
              [36m<line[39m
                [33mx1[39m=[32m"8"[39m
                [33mx2[39m=[32m"21"[39m
                [33my1[39m=[32m"12"[39m
                [33my2[39m=[32m"12"[39m
              [36m/>[39m
              [36m<line[39m
                [33mx1[39m=[32m"8"[39m
                [33mx2[39m=[32m"21"[39m
                [33my1[39m=[32m"18"[39m
                [33my2[39m=[32m"18"[39m
              [36m/>[39m
              [36m<line[39m
                [33mx1[39m=[32m"3"[39m
                [33mx2[39m=[32m"3.01"[39m
                [33my1[39m=[32m"6"[39m
                [33my2[39m=[32m"6"[39m
              [36m/>[39m
              [36m<line[39m
                [33mx1[39m=[32m"3"[39m
                [33mx2[39m=[32m"3.01"[39m
                [33my1[39m=[32m"12"[39m
                [33my2[39m=[32m"12"[39m
              [36m/>[39m
              [36m<line[39m
                [33mx1[39m=[32m"3"[39m
                [33mx2[39m=[32m"3.01"[39m
                [33my1[39m=[32m"18"[39m
                [33my2[39m=[32m"18"[39m
              [36m/>[39m
            [36m</svg>[39m
            [0mProducts[0m
          [36m</button>[39m
          [36m<button[39m
            [33maria-controls[39m=[32m"radix-:r3:-content-people"[39m
            [33maria-selected[39m=[32m"false"[39m
            [33mclass[39m=[32m"justify-center whitespace-nowrap rounded-sm px-3 py-1.5 text-sm font-medium ring-offset-background transition-all focus-visible:outline-none focus-visible:ring-2 focus-visible:ring-ring focus-visible:ring-offset-2 disabled:pointer-events-none disabled:opacity-50 data-[state=active]:bg-background data-[state=active]:text-foreground data-[state=active]:shadow-sm flex items-center gap-2"[39m
            [33mdata-orientation[39m=[32m"horizontal"[39m
            [33mdata-radix-collection-item[39m=[32m""[39m
            [33mdata-state[39m=[32m"inactive"[39m
            [33mid[39m=[32m"radix-:r3:-trigger-people"[39m
            [33mrole[39m=[32m"tab"[39m
            [33mtabindex[39m=[32m"-1"[39m
            [33mtype[39m=[32m"button"[39m
          [36m>[39m
            [36m<svg[39m
              [33mclass[39m=[32m"lucide lucide-users h-4 w-4"[39m
              [33mfill[39m=[32m"none"[39m
              [33mheight[39m=[32m"24"[39m
              [33mstroke[39m=[32m"currentColor"[39m
              [33mstroke-linecap[39m=[32m"round"[39m
              [33mstroke-linejoin[39m=[32m"round"[39m
              [33mstroke-width[39m=[32m"2"[39m
              [33mviewBox[39m=[32m"0 0 24 24"[39m
              [33mwidth[39m=[32m"24"[39m
              [33mxmlns[39m=[32m"http://www.w3.org/2000/svg"[39m
            [36m>[39m
              [36m<path[39m
                [33md[39m=[32m"M16 21v-2a4 4 0 0 0-4-4H6a4 4 0 0 0-4 4v2"[39m
              [36m/>[39m
              [36m<circle[39m
                [33mcx[39m=[32m"9"[39m
                [33mcy[39m=[32m"7"[39m
                [33mr[39m=[32m"4"[39m
              [36m/>[39m
              [36m<path[39m
                [33md[39m=[32m"M22 21v-2a4 4 0 0 0-3-3.87"[39m
              [36m/>[39m
              [36m<path[39m
                [33md[39m=[32m"M16 3.13a4 4 0 0 1 0 7.75"[39m
              [36m/>[39m
            [36m</svg>[39m
            [0mPeople[0m
          [36m</button>[39m
        [36m</div>[39m
        [36m<div[39m
          [33maria-labelledby[39m=[32m"radix-:r3:-trigger-products"[39m
          [33mclass[39m=[32m"ring-offset-background focus-visible:outline-none focus-visible:ring-2 focus-visible:ring-ring focus-visible:ring-offset-2 mt-0"[39m
          [33mdata-orientation[39m=[32m"horizontal"[39m
          [33mdata-state[39m=[32m"active"[39m
          [33mid[39m=[32m"radix-:r3:-content-products"[39m
          [33mrole...
 ❯ Object.getElementError node_modules/@testing-library/dom/dist/config.js:37:19
 ❯ node_modules/@testing-library/dom/dist/query-helpers.js:76:38
 ❯ node_modules/@testing-library/dom/dist/query-helpers.js:52:17
 ❯ node_modules/@testing-library/dom/dist/query-helpers.js:95:19
 ❯ src/views/SummaryView.test.tsx:38:32
     36|     render(<SummaryView />);
     37|
     38|     const productsTab = screen.getByRole('button', { name: /Product De…
       |                                ^
     39|     const peopleTab = screen.getByRole('button', { name: /Person-wise …
     40|

⎯⎯⎯⎯⎯⎯⎯⎯⎯⎯⎯⎯⎯⎯⎯⎯⎯⎯⎯⎯⎯⎯⎯⎯[6/6]⎯


 Test Files  2 failed | 8 passed (10)
      Tests  6 failed | 62 passed (68)
   Start at  16:18:40
   Duration  2.77s (transform 937ms, setup 968ms, import 2.81s, tests 2.36s, environment 9.21s)

